// Jest Snapshot v1, https://goo.gl/fbAQLP

exports[`Button Button snapshot test 1`] = `
<input
  className="m-2 p-3 btn btn-info false false"
  onClick={[Function]}
  type="button"
  value="AC"
/>
`;
