// Jest Snapshot v1, https://goo.gl/fbAQLP

exports[`Home Test Home page snapshot 1`] = `
<a
  class="navbar-brand"
  href="/"
>
  Math-magician
</a>
`;
